#-----------------------------------------------------------
# Vivado v2020.2 (64-bit)
# SW Build 3064766 on Wed Nov 18 09:12:45 MST 2020
# IP Build 3064653 on Wed Nov 18 14:17:31 MST 2020
# Start of session at: Fri Jan  3 13:40:31 2025
# Process ID: 17588
# Current directory: C:/Users/akern/OneDrive/Desktop/Nexys A7-100T Sound Generation Project/FPGA_Sound_Generator
# Command line: vivado.exe -gui_launcher_event rodinguilauncherevent5064 C:\Users\akern\OneDrive\Desktop\Nexys A7-100T Sound Generation Project\FPGA_Sound_Generator\FPGA_Sound_Generator.xpr
# Log file: C:/Users/akern/OneDrive/Desktop/Nexys A7-100T Sound Generation Project/FPGA_Sound_Generator/vivado.log
# Journal file: C:/Users/akern/OneDrive/Desktop/Nexys A7-100T Sound Generation Project/FPGA_Sound_Generator\vivado.jou
#-----------------------------------------------------------
start_gui
open_project {C:/Users/akern/OneDrive/Desktop/Nexys A7-100T Sound Generation Project/FPGA_Sound_Generator/FPGA_Sound_Generator.xpr}
update_compile_order -fileset sources_1
